// Jest Snapshot v1, https://goo.gl/fbAQLP

exports[`plugin transforms div to Div 1`] = `
"class MyComponent extends Component {
  render() {
    return <Div className={'styled'} />;
  }

}"
`;
